splice> --
--   Licensed to the Apache Software Foundation (ASF) under one or more
--   contributor license agreements.  See the NOTICE file distributed with
--   this work for additional information regarding copyright ownership.
--   The ASF licenses this file to You under the Apache License, Version 2.0
--   (the "License"); you may not use this file except in compliance with
--   the License.  You may obtain a copy of the License at
--
--      http://www.apache.org/licenses/LICENSE-2.0
--
--   Unless required by applicable law or agreed to in writing, software
--   distributed under the License is distributed on an "AS IS" BASIS,
--   WITHOUT WARRANTIES OR CONDITIONS OF ANY KIND, either express or implied.
--   See the License for the specific language governing permissions and
--   limitations under the License.
--
AUTOCOMMIT OFF;
splice> -- MODULE CDR005

-- SQL Test Suite, V6.0, Interactive SQL, cdr005.sql
-- 59-byte ID
-- TEd Version #

-- AUTHORIZATION SUN
   set schema SUN;
0 rows inserted/updated/deleted
splice> --O   SELECT USER FROM SUN.ECCO;
  VALUES USER;
1                                                                                                                               
--------------------------------------------------------------------------------------------------------------------------------
SUN                                                                                                                             
splice> -- RERUN if USER value does not match preceding AUTHORIZATION comment

-- date_time print

-- TEST:0313 CHECK <comp. predicate> in <tab. cons.>, update!

-- setup
  DELETE FROM STAFF5;
0 rows inserted/updated/deleted
WARNING 02000: No row was found for FETCH, UPDATE or DELETE; or the result of a query is an empty table.
splice> INSERT INTO STAFF5
        VALUES('E2','Tom',14,'Newyork');
1 row inserted/updated/deleted
splice> UPDATE STAFF5
        SET GRADE = 20;
ERROR 23513: The check constraint 'STAFF5_GRADE' was violated while performing an INSERT or UPDATE on table '"SUN"."STAFF5"'.
splice> -- PASS:0313 If ERROR, check constraint, 0 rows updated?

  SELECT COUNT(*) FROM STAFF5
        WHERE GRADE = 14;
1          
-----------
1          
splice> -- PASS:0313 If count = 1?


-- END TEST >>> 0313 <<< END TEST

-- *************************************************


-- TEST:0314 CHECK <comp. predicate> in <col. cons.>, update!

-- setup
  DELETE FROM STAFF6;
0 rows inserted/updated/deleted
WARNING 02000: No row was found for FETCH, UPDATE or DELETE; or the result of a query is an empty table.
splice> INSERT INTO STAFF6
        VALUES('E2','Tom',14,'Newyork');
1 row inserted/updated/deleted
splice> UPDATE STAFF6
        SET GRADE = 20;
ERROR 23513: The check constraint 'STAFF6_GRADE' was violated while performing an INSERT or UPDATE on table '"SUN"."STAFF6"'.
splice> -- PASS:0314 If ERROR, check constraint, 0 rows updated?

  SELECT COUNT(*) FROM STAFF6
        WHERE GRADE = 14;
1          
-----------
1          
splice> -- PASS:0314 If count = 1?

-- END TEST >>> 0314 <<< END TEST

-- *************************************************


-- TEST:0315 CHECK <between predicate> in <tab. cons.>, update!

-- setup
  DELETE FROM STAFF7;
0 rows inserted/updated/deleted
WARNING 02000: No row was found for FETCH, UPDATE or DELETE; or the result of a query is an empty table.
splice> INSERT INTO STAFF7
        VALUES('E2','Tom',14,'Newyork');
1 row inserted/updated/deleted
splice> UPDATE STAFF7
        SET GRADE = 21;
ERROR 23513: The check constraint 'STAFF7_GRADE' was violated while performing an INSERT or UPDATE on table '"SUN"."STAFF7"'.
splice> -- PASS:0315 If ERROR, check constraint, 0 rows updated?

  SELECT COUNT(*) FROM STAFF7
        WHERE GRADE = 14;
1          
-----------
1          
splice> -- PASS:0315 If count = 1?


  COMMIT WORK;
splice> -- END TEST >>> 0315 <<< END TEST

-- *************************************************////END-OF-MODULE
;
splice> 
