splice> --
--   Licensed to the Apache Software Foundation (ASF) under one or more
--   contributor license agreements.  See the NOTICE file distributed with
--   this work for additional information regarding copyright ownership.
--   The ASF licenses this file to You under the Apache License, Version 2.0
--   (the "License"); you may not use this file except in compliance with
--   the License.  You may obtain a copy of the License at
--
--      http://www.apache.org/licenses/LICENSE-2.0
--
--   Unless required by applicable law or agreed to in writing, software
--   distributed under the License is distributed on an "AS IS" BASIS,
--   WITHOUT WARRANTIES OR CONDITIONS OF ANY KIND, either express or implied.
--   See the License for the specific language governing permissions and
--   limitations under the License.
--

--
-- this test shows the dependency system in action;
--

autocommit off;
splice> create table t(i int);
0 rows inserted/updated/deleted
splice> create table s(i int);
0 rows inserted/updated/deleted
splice> prepare ins as 'insert into t (i) values (1956)';
splice> prepare ins_s as 'insert into s (i) values (1956)';
splice> prepare sel as 'select i from t';
splice> prepare sel2 as 'select i from (select i from t) a';
splice> prepare sel_s as 'select i from s where i = (select i from t)';
splice> prepare upd as 'update t set i = 666 where i = 1956';
splice> prepare del as 'delete from t where i = 666';
splice> prepare ins_sel as 'insert into t select * from s';
splice> execute ins;
1 row inserted/updated/deleted
splice> execute ins_s;
1 row inserted/updated/deleted
splice> execute sel;
I          
-----------
1956       
splice> execute sel2;
I          
-----------
1956       
splice> execute sel_s;
I          
-----------
1956       
splice> execute upd;
1 row inserted/updated/deleted
splice> execute sel;
I          
-----------
666        
splice> execute del;
1 row inserted/updated/deleted
splice> execute sel;
I          
-----------
splice> execute ins_sel;
1 row inserted/updated/deleted
splice> execute sel;
I          
-----------
1956       
splice> drop table t;
0 rows inserted/updated/deleted
splice> -- these should fail, can't find table
execute ins;
ERROR 42X05: Table/View 'T' does not exist.
splice> execute sel;
ERROR 42X05: Table/View 'T' does not exist.
splice> execute sel2;
ERROR 42X05: Table/View 'T' does not exist.
splice> execute upd;
ERROR 42X05: Table/View 'T' does not exist.
splice> execute del;
ERROR 42X05: Table/View 'T' does not exist.
splice> execute sel_s;
ERROR 42X05: Table/View 'T' does not exist.
splice> execute ins_sel;
ERROR 42X05: Table/View 'T' does not exist.
splice> create table t(i int);
0 rows inserted/updated/deleted
splice> -- these should recompile and work, table now found
execute ins;
1 row inserted/updated/deleted
splice> -- expect one row only
execute sel;
I          
-----------
1956       
splice> execute sel2;
I          
-----------
1956       
splice> execute sel_s;
I          
-----------
1956       
splice> execute upd;
1 row inserted/updated/deleted
splice> -- test update
execute sel;
I          
-----------
666        
splice> execute del;
1 row inserted/updated/deleted
splice> -- test delete
execute sel;
I          
-----------
splice> execute ins_sel;
1 row inserted/updated/deleted
splice> execute sel;
I          
-----------
1956       
splice> rollback;
splice> -- these should fail, the table will disappear at the rollback
execute ins;
ERROR 42X05: Table/View 'T' does not exist.
splice> execute sel;
ERROR 42X05: Table/View 'T' does not exist.
splice> execute sel2;
ERROR 42X05: Table/View 'T' does not exist.
splice> execute sel_s;
ERROR 42X05: Table/View 'S' does not exist.
splice> execute upd;
ERROR 42X05: Table/View 'T' does not exist.
splice> execute del;
ERROR 42X05: Table/View 'T' does not exist.
splice> -- recreate t again
create table t(i int);
0 rows inserted/updated/deleted
splice> -- these should recompile and work, table now found
execute ins;
1 row inserted/updated/deleted
splice> -- open a cursor on t
get cursor c1 as 'select * from t';
splice> -- dropping t should fail, due to open cursor
drop table t;
ERROR X0X95: Operation 'DROP TABLE' cannot be performed on object 'T' because there is an open ResultSet dependent on that object.
splice> -- insert should still succeed, since table not dropped
execute ins;
1 row inserted/updated/deleted
splice> -- close cursor
close c1;
splice> -- drop table should succeed
drop table t;
0 rows inserted/updated/deleted
splice> -- verify that invalidate worked this time
execute ins;
ERROR 42X05: Table/View 'T' does not exist.
splice> execute sel;
ERROR 42X05: Table/View 'T' does not exist.
splice> execute sel2;
ERROR 42X05: Table/View 'T' does not exist.
splice> execute upd;
ERROR 42X05: Table/View 'T' does not exist.
splice> execute del;
ERROR 42X05: Table/View 'T' does not exist.
splice> execute ins_sel;
ERROR 42X05: Table/View 'S' does not exist.
splice> -- cleanup, roll everything back to the beginning
rollback;
splice> -- verify that cascading invalidations work
create table t1(c1 int);
0 rows inserted/updated/deleted
splice> insert into t1 values 1, 2;
2 rows inserted/updated/deleted
splice> get cursor c1 as 'select c1 from t1 for update of c1';
splice> -- positioned update dependent on cursor c1
prepare u1 as 'update t1 set c1 = c1 + 1 where current of c1';
splice> next c1;
C1         
-----------
1          
splice> close c1;
splice> execute u1;
ERROR 42X30: Cursor 'C1' not found. Verify that autocommit is OFF.
splice> -- cleanup, roll everything back to the beginning
rollback;
splice> -- verify that create index invalidates based on table and
-- drop index invalidates based on the index

create table t1(c1 int, c2 int);
0 rows inserted/updated/deleted
splice> insert into t1 values (1,1), (2, 1), (3,3);
3 rows inserted/updated/deleted
splice> create index i1 on t1(c1);
0 rows inserted/updated/deleted
splice> get cursor c1 as 'select c1 from t1 where c2 = 1 for update of c1';
splice> next c1;
C1         
-----------
1          
splice> prepare u1 as 'update  t1 set c1 = c1 + 1 ';
splice> prepare i1 as 'insert into t1 values (4, 4)';
splice> prepare d1 as 'delete from t1 where c2 = 3';
splice> drop index i1;
0 rows inserted/updated/deleted
splice> -- u1 should be recompiled succesfully
execute u1;
3 rows inserted/updated/deleted
splice> select * from t1;
C1         |C2         
-----------------------
2          |1          
3          |1          
4          |3          
splice> -- recreate index i1, this time on c2
create index i1 on t1(c2);
0 rows inserted/updated/deleted
splice> next c1;
C1         
-----------
3          
splice> close c1;
splice> -- i1 and d1 should have been invalidated and recompiled
execute i1;
1 row inserted/updated/deleted
splice> -- check the state of the index
select * from t1 where c2 > 0;
C1         |C2         
-----------------------
2          |1          
3          |1          
4          |3          
4          |4          
splice> execute d1;
1 row inserted/updated/deleted
splice> -- check the state of the index
select * from t1 where c2 > 0;
C1         |C2         
-----------------------
2          |1          
3          |1          
4          |4          
splice> -- cleanup, roll everything back to the beginning
rollback;
splice> -- DERBY-2202
-- test various DROP statements

-- test procedure
autocommit off;
splice> CREATE SCHEMA datamgmt;
0 rows inserted/updated/deleted
splice> CREATE PROCEDURE datamgmt.exit ( IN value INTEGER )
 MODIFIES SQL DATA
 PARAMETER STYLE JAVA
 LANGUAGE JAVA
 EXTERNAL NAME 'java.lang.System.exit';
0 rows inserted/updated/deleted
splice> DROP PROCEDURE datamgmt.exit;
0 rows inserted/updated/deleted
splice> DROP SCHEMA datamgmt RESTRICT;
0 rows inserted/updated/deleted
splice> CREATE SCHEMA datamgmt;
0 rows inserted/updated/deleted
splice> CREATE PROCEDURE datamgmt.exit ( IN value INTEGER )
 MODIFIES SQL DATA
 PARAMETER STYLE JAVA
 LANGUAGE JAVA
 EXTERNAL NAME 'java.lang.System.exit';
0 rows inserted/updated/deleted
splice> DROP PROCEDURE datamgmt.exit;
0 rows inserted/updated/deleted
splice> DROP SCHEMA datamgmt RESTRICT;
0 rows inserted/updated/deleted
splice> autocommit on;
splice> CREATE SCHEMA datamgmt;
0 rows inserted/updated/deleted
splice> CREATE PROCEDURE datamgmt.exit ( IN value INTEGER )
 MODIFIES SQL DATA
 PARAMETER STYLE JAVA
 LANGUAGE JAVA
 EXTERNAL NAME 'java.lang.System.exit';
0 rows inserted/updated/deleted
splice> DROP PROCEDURE datamgmt.exit;
0 rows inserted/updated/deleted
splice> DROP SCHEMA datamgmt RESTRICT;
0 rows inserted/updated/deleted
splice> CREATE SCHEMA datamgmt;
0 rows inserted/updated/deleted
splice> CREATE PROCEDURE datamgmt.exit ( IN value INTEGER )
 MODIFIES SQL DATA
 PARAMETER STYLE JAVA
 LANGUAGE JAVA
 EXTERNAL NAME 'java.lang.System.exit';
0 rows inserted/updated/deleted
splice> DROP PROCEDURE datamgmt.exit;
0 rows inserted/updated/deleted
splice> DROP SCHEMA datamgmt RESTRICT;
0 rows inserted/updated/deleted
splice> -- test function
CREATE SCHEMA datamgmt;
0 rows inserted/updated/deleted
splice> CREATE FUNCTION datamgmt.f_abs(P1 INT)
 RETURNS INT
 NO SQL
 RETURNS NULL ON NULL INPUT
 EXTERNAL NAME 'java.lang.Math.abs'
 LANGUAGE JAVA PARAMETER STYLE JAVA;
0 rows inserted/updated/deleted
splice> DROP FUNCTION datamgmt.f_abs;
0 rows inserted/updated/deleted
splice> DROP SCHEMA datamgmt RESTRICT;
0 rows inserted/updated/deleted
splice> CREATE SCHEMA datamgmt;
0 rows inserted/updated/deleted
splice> CREATE FUNCTION datamgmt.f_abs(P1 INT)
 RETURNS INT
 NO SQL
 RETURNS NULL ON NULL INPUT
 EXTERNAL NAME 'java.lang.Math.abs'
 LANGUAGE JAVA PARAMETER STYLE JAVA;
0 rows inserted/updated/deleted
splice> DROP FUNCTION datamgmt.f_abs;
0 rows inserted/updated/deleted
splice> DROP SCHEMA datamgmt RESTRICT;
0 rows inserted/updated/deleted
splice> -- test synonym
CREATE SCHEMA datamgmt;
0 rows inserted/updated/deleted
splice> CREATE TABLE datamgmt.t1 (c1 int);
0 rows inserted/updated/deleted
splice> CREATE SYNONYM datamgmt.s1 for datamgmt.t1;
0 rows inserted/updated/deleted
splice> DROP SYNONYM datamgmt.s1;
0 rows inserted/updated/deleted
splice> DROP TABLE datamgmt.t1;
0 rows inserted/updated/deleted
splice> DROP SCHEMA datamgmt RESTRICT;
0 rows inserted/updated/deleted
splice> CREATE SCHEMA datamgmt;
0 rows inserted/updated/deleted
splice> CREATE TABLE datamgmt.t1 (c1 int);
0 rows inserted/updated/deleted
splice> CREATE SYNONYM datamgmt.s1 for datamgmt.t1;
0 rows inserted/updated/deleted
splice> DROP SYNONYM datamgmt.s1;
0 rows inserted/updated/deleted
splice> DROP TABLE datamgmt.t1;
0 rows inserted/updated/deleted
splice> DROP SCHEMA datamgmt RESTRICT;
0 rows inserted/updated/deleted
splice> 
