splice> --
--   Licensed to the Apache Software Foundation (ASF) under one or more
--   contributor license agreements.  See the NOTICE file distributed with
--   this work for additional information regarding copyright ownership.
--   The ASF licenses this file to You under the Apache License, Version 2.0
--   (the "License"); you may not use this file except in compliance with
--   the License.  You may obtain a copy of the License at
--
--      http://www.apache.org/licenses/LICENSE-2.0
--
--   Unless required by applicable law or agreed to in writing, software
--   distributed under the License is distributed on an "AS IS" BASIS,
--   WITHOUT WARRANTIES OR CONDITIONS OF ANY KIND, either express or implied.
--   See the License for the specific language governing permissions and
--   limitations under the License.
--
-- test database encryption parameters such as the encryption algorithm and the encryption provider
connect 'jdbc:splice:;shutdown=true';
ERROR XJ015: Derby system shutdown.
splice> connect 'jdbc:splice:wombatDESede;create=true;dataEncryption=true;bootPassword=ThursdaySaturday;encryptionAlgorithm=DESede/CBC/NoPadding';
splice> create table t1 ( a char(20));
0 rows inserted/updated/deleted
splice> insert into t1 values ('hello world');
1 row inserted/updated/deleted
splice> select * from t1;
A                   
--------------------
hello world         
splice> disconnect;
splice> connect 'jdbc:splice:;shutdown=true';
ERROR XJ015: Derby system shutdown.
splice> -- algorithm is not specified, doesn't matter since algorithm is stored in the database
connect 'jdbc:splice:wombatDESede;bootPassword=ThursdaySaturday';
splice> select * from t1;
A                   
--------------------
hello world         
splice> disconnect;
splice> connect 'jdbc:splice:;shutdown=true';
ERROR XJ015: Derby system shutdown.
splice> -- wrong algorithm, doesn't matter since algorithm is stored in the database
connect 'jdbc:splice:wombatDESede;bootPassword=ThursdaySaturday;encryptionAlgorithm=Blowfish/CBC/NoPadding';
splice> select * from t1;
A                   
--------------------
hello world         
splice> disconnect;
splice> connect 'jdbc:splice:;shutdown=true';
ERROR XJ015: Derby system shutdown.
splice> -- create new databases with different encryption algorithms
connect 'jdbc:splice:wombatDES;create=true;dataEncryption=true;bootPassword=ThursdaySaturdayfoobarpo;encryptionAlgorithm=DES/CBC/NoPadding';
splice> create table t2 ( a char(20));
0 rows inserted/updated/deleted
splice> insert into t2 values ('hot air');
1 row inserted/updated/deleted
splice> select * from t2;
A                   
--------------------
hot air             
splice> disconnect;
splice> connect 'jdbc:splice:;shutdown=true';
ERROR XJ015: Derby system shutdown.
splice> connect 'jdbc:splice:wombatBlowfish;create=true;dataEncryption=true;bootPassword=SundayMondayFriday;encryptionAlgorithm=Blowfish/CBC/NoPadding';
splice> create table t3 ( a char(20));
0 rows inserted/updated/deleted
splice> insert into t3 values ('blow hot air on fish');
1 row inserted/updated/deleted
splice> select * from t3;
A                   
--------------------
blow hot air on fish
splice> disconnect;
splice> connect 'jdbc:splice:;shutdown=true';
ERROR XJ015: Derby system shutdown.
splice> -- have 3 connections open to 3 databases, each datababase uses a different encryption algorithm
connect 'jdbc:splice:wombatDESede;bootPassword=ThursdaySaturday' AS C1;
splice> connect 'jdbc:splice:wombatDES;bootPassword=ThursdaySaturdayfoobarpo' AS C2;
splice(C2)> connect 'jdbc:splice:wombatBlowfish;bootPassword=SundayMondayFriday' AS C3;
splice(C3)> set connection C1;
splice(C1)> select * from t1;
A                   
--------------------
hello world         
splice(C1)> set connection C2;
splice(C2)> select * from t2;
A                   
--------------------
hot air             
splice(C2)> set connection C3;
splice(C3)> select * from t3;
A                   
--------------------
blow hot air on fish
splice(C3)> disconnect;
splice> connect 'jdbc:splice:;shutdown=true';
ERROR XJ015: Derby system shutdown.
splice> -- create a new database with an algorithm which uses padding
-- should not work
connect 'jdbc:splice:wombatBad;create=true;dataEncryption=true;bootPassword=ThursdaySaturday;encryptionAlgorithm=DESede/CBC/PKCS5Padding';
ERROR XJ041: Failed to create database 'wombatBad', see the next exception for details.
ERROR XBM01: Startup failed due to an exception. See next exception for details. 
ERROR XBCXB: Bad encryption padding 'PKCS5Padding' or padding not specified. 'NoPadding' must be used.
splice> -- create a new database with a bad algorithm
-- should not work
connect 'jdbc:splice:wombatBad;create=true;dataEncryption=true;bootPassword=ThursdaySaturday;encryptionAlgorithm=Fungus/CBC/NoPadding';
ERROR XJ041: Failed to create database 'wombatBad', see the next exception for details.
ERROR XBM01: Startup failed due to an exception. See next exception for details. 
ERROR XBCXC: Encryption algorithm 'Fungus/CBC/NoPadding' does not exist. Please check that the chosen provider 'default' supports this algorithm.
splice> -- create a new database with another bad algorithm (bad feedback mode)
-- should not work
connect 'jdbc:splice:wombatBad;create=true;dataEncryption=true;bootPassword=ThursdaySaturday;encryptionAlgorithm=DES/CNN/NoPadding';
ERROR XJ041: Failed to create database 'wombatBad', see the next exception for details.
ERROR XBM01: Startup failed due to an exception. See next exception for details. 
ERROR XBCXI: The feedback mode 'CNN' is not supported. Supported feedback modes are CBC, CFB, OFB and ECB.
splice> -- create a new database with a bad provider
-- should not work
connect 'jdbc:splice:wombatBad;create=true;dataEncryption=true;bootPassword=ThursdaySaturday;encryptionProvider=com.foo.bar';
ERROR XJ041: Failed to create database 'wombatBad', see the next exception for details.
ERROR XBM0G: Failed to start encryption engine. Please make sure you are running Java 2 and have downloaded an encryption provider such as jce and put it in your class path. 
ERROR XBCXF: The class 'com.foo.bar' representing the encryption provider cannot be found.
splice> -- create a new database with a bad encryption algorithm format
-- should not work
connect 'jdbc:splice:wombatBad;create=true;dataEncryption=true;bootPassword=ThursdaySaturday;encryptionAlgorithm=DES';
ERROR XJ041: Failed to create database 'wombatBad', see the next exception for details.
ERROR XBM01: Startup failed due to an exception. See next exception for details. 
ERROR XBCXH: The encryptionAlgorithm 'DES' is not in the correct format. The correct format is algorithm/feedbackMode/NoPadding.
splice> -- create a new database with a non supported feedback mode (PCBC)
-- should not work
connect 'jdbc:splice:wombatBad;create=true;dataEncryption=true;bootPassword=ThursdaySaturday;encryptionAlgorithm=DES/PCBC/NoPadding';
ERROR XJ041: Failed to create database 'wombatBad', see the next exception for details.
ERROR XBM01: Startup failed due to an exception. See next exception for details. 
ERROR XBCXI: The feedback mode 'PCBC' is not supported. Supported feedback modes are CBC, CFB, OFB and ECB.
splice> 
