splice> AUTOCOMMIT OFF;
splice> -- MODULE   XTS731

-- SQL Test Suite, V6.0, Interactive SQL, xts731.sql
-- 59-byte ID
-- TEd Version #

-- AUTHORIZATION CTS1
   set schema CTS1;
0 rows inserted/updated/deleted
splice> --O   SELECT USER FROM HU.ECCO;
  VALUES USER;
1                                                                                                                               
--------------------------------------------------------------------------------------------------------------------------------
CTS1                                                                                                                            
splice> -- RERUN if USER value does not match preceding AUTHORIZATION comment
   ROLLBACK WORK;
splice> -- date_time print

-- TEST:7031 View name with 69 and 128 characters - deliminited!
-- NOTE:  If long lines are not supported by the ISQL interface, an
--        implementation defined line continuation format may be used

-- Begin 128 character view names
   CREATE VIEW "LONGIDENTIFIERSAAAAABBBBBBBBBBCCCCCCCCCCDDDDDDDDDDEEEEEEEEEEFFFFFFFFFFGGGGGGGGGGHHHHHHHHHHIIIIIIIIISpliceJJJJJJJJJKKKKKKKKKKAAAAAAAA" AS SELECT * FROM STAFF;
0 rows inserted/updated/deleted
splice> -- PASS:7031 If view created successfully?

   COMMIT WORK;
splice> CREATE VIEW "longidentifiersaaaaabbbbbbbbbbccccccccccddddddddddeeeeeeeeeeffffffffffgggggggggghhhhhhhhhhiiiiiiiiisplicejjjjjjjjjkkkkkkkkkkaaaaaaab" AS SELECT * FROM WORKS;
0 rows inserted/updated/deleted
splice> -- PASS:7031 If view created successfully?

   COMMIT WORK;
splice> CREATE VIEW "0""LONGIDENTIFIERSWWWAAAAAAAAAABBBBBBBBBBCCCCCCCCCCDDDDDDDDDDEEEEEEEEEEFFFFFFFFFFGGGGGGGGGGHHHHHHHHHHIIIIIIIIISpliceJJJJJJJJJWWWWWW_1" AS SELECT * FROM VTABLE;
0 rows inserted/updated/deleted
splice> -- PASS:7031 If view created successfully?

   COMMIT WORK;
splice> CREATE VIEW "0""LONGIDENTIFIERSWWWAAAAAAAAAABBBBBBBBBBCCCCCCCCCCDDDDDDDDDDEEEEEEEEEEFFFFFFFFFFGGGGGGGGGGHHHHHHHHHHIIIIIIIIISpliceJJJJJJJJJWWWWWW_2" AS SELECT * FROM STAFF_CTS;
0 rows inserted/updated/deleted
splice> -- PASS:7031 If view created successfully?

   COMMIT WORK;
splice> CREATE VIEW "longIDENTIFIERSWWWWWAAAAAAAAAABBBBBBBBBBCCCCCCCCCCDDDDDDDDDDEEEEEEEEEEFFFFFFFFFFGGGGGGGGGGHHHHHHHHHHIIIIIIIIISpliceJJJJJJJJJWW% .,()" AS SELECT CITY FROM STAFF;
0 rows inserted/updated/deleted
splice> -- PASS:7031 If view created successfully?

   COMMIT WORK;
splice> --O   SELECT TABLE_NAME FROM INFORMATION_SCHEMA.VIEWS
--O               WHERE TABLE_SCHEMA = 'CTS1'
--O               AND (TABLE_NAME = 'LONGIDENTIFIERSAAAAABBBBBBBBBBCCCCCCCCCCDDDDDDDDDDEEEEEEEEEEFFFFFFFFFFGGGGGGGGGGHHHHHHHHHHIIIIIIIIISpliceJJJJJJJJJKKKKKKKKKKAAAAAAAA'
--O                 OR TABLE_NAME = 'longidentifiersaaaaabbbbbbbbbbccccccccccddddddddddeeeeeeeeeeffffffffffgggggggggghhhhhhhhhhiiiiiiiiisplicejjjjjjjjjkkkkkkkkkkaaaaaaab'
--O                 OR TABLE_NAME = '0"LONGIDENTIFIERSWWWAAAAAAAAAABBBBBBBBBBCCCCCCCCCCDDDDDDDDDDEEEEEEEEEEFFFFFFFFFFGGGGGGGGGGHHHHHHHHHHIIIIIIIIISpliceJJJJJJJJJWWWWWW_1'
--O                 OR TABLE_NAME = '0"LONGIDENTIFIERSWWWAAAAAAAAAABBBBBBBBBBCCCCCCCCCCDDDDDDDDDDEEEEEEEEEEFFFFFFFFFFGGGGGGGGGGHHHHHHHHHHIIIIIIIIISpliceJJJJJJJJJWWWWWW_2'
--O                 OR TABLE_NAME = 'longIDENTIFIERSWWWWWAAAAAAAAAABBBBBBBBBBCCCCCCCCCCDDDDDDDDDDEEEEEEEEEEFFFFFFFFFFGGGGGGGGGGHHHHHHHHHHIIIIIIIIISpliceJJJJJJJJJWW% .,()' )
--O                 ORDER BY TABLE_NAME;
-- PASS:7031 If 5 rows are selected in the following order?
--                
-- PASS:7031 If TABLE_NAME = '0"LONGIDENTIFIERSWWWAAAAAAAAAABBBBBBBBBB
--                CCCCCCCCCCDDDDDDDDDDEEEEEEEEEEFFFFFFFFFF
--                GGGGGGGGGGHHHHHHHHHHIIIIIIIIISpliceJJJJJJJJJWWWWWW_1'?
-- PASS:7031 If TABLE_NAME = '0"LONGIDENTIFIERSWWWAAAAAAAAAABBBBBBBBBB
--                CCCCCCCCCCDDDDDDDDDDEEEEEEEEEEFFFFFFFFFF
--                GGGGGGGGGGHHHHHHHHHHIIIIIIIIISpliceJJJJJJJJJWWWWWW_2'?
-- PASS:7031 If TABLE_NAME = 'LONGIDENTIFIERSAAAAABBBBBBBBBBCCCCCCCCCC
--                DDDDDDDDDDEEEEEEEEEEFFFFFFFFFFGGGGGGGGGG
--                HHHHHHHHHHIIIIIIIIISpliceJJJJJJJJJKKKKKKKKKKAAAAAAAA'?
-- PASS:7031 If TABLE_NAME = 'longIDENTIFIERSWWWWWAAAAAAAAAABBBBBBBBBB
--                CCCCCCCCCCDDDDDDDDDDEEEEEEEEEEFFFFFFFFFF
--                GGGGGGGGGGHHHHHHHHHHIIIIIIIIISpliceJJJJJJJJJWW% .,()'?
-- PASS:7031 If TABLE_NAME = 'longidentifiersaaaaabbbbbbbbbbcccccccccc
--                ddddddddddeeeeeeeeeeffffffffffgggggggggg
--                hhhhhhhhhhiiiiiiiiisplicejjjjjjjjjkkkkkkkkkkaaaaaaab'?


--O   SELECT  COUNT(*) FROM INFORMATION_SCHEMA.VIEWS
--O         WHERE TABLE_SCHEMA = 'CTS1'
--O         AND TABLE_NAME = 'LONGIDENTIFIERSAAAAABBBBBBBBBBCCCCCCCCCCDDDDDDDDDDEEEEEEEEEEFFFFFFFFFFGGGGGGGGGGHHHHHHHHHHIIIIIIIIISpliceJJJJJJJJJKKKKKKKKKKAAAAAAAa';
-- PASS:7031 If COUNT = 0?

--O   SELECT  COUNT(*) FROM INFORMATION_SCHEMA.VIEWS
--O         WHERE TABLE_SCHEMA = 'CTS1'
--O         AND TABLE_NAME = 'longidentifiersaaaaabbbbbbbbbbccccccccccddddddddddeeeeeeeeeeffffffffffgggggggggghhhhhhhhhhiiiiiiiiisplicejjjjjjjjjkkkkkkkkkkaaaaaaaX';
-- PASS:7031 If COUNT = 0?

--O   SELECT  COUNT(*) FROM INFORMATION_SCHEMA.VIEWS
--O           WHERE TABLE_SCHEMA = 'CTS1'
--O           AND TABLE_NAME = '0"LONGIDENTIFIERSWWWAAAAAAAAAABBBBBBBBBBCCCCCCCCCCDDDDDDDDDDEEEEEEEEEEFFFFFFFFFFGGGGGGGGGGHHHHHHHHHHIIIIIIIIISpliceJJJJJJJJJWWWWWW_3';
-- PASS:7031 If COUNT = 0?

--O   SELECT  COUNT(*) FROM INFORMATION_SCHEMA.VIEWS
--O           WHERE TABLE_SCHEMA = 'CTS1'
--O           AND TABLE_NAME = 'longIDENTIFIERSWWWWWAAAAAAAAAABBBBBBBBBBCCCCCCCCCCDDDDDDDDDDEEEEEEEEEEFFFFFFFFFFGGGGGGGGGGHHHHHHHHHHIIIIIIIIISpliceJJJJJJJJJWW% .,((';
-- PASS:7031 If COUNT = 0?

   ROLLBACK WORK;
splice> --O   DROP VIEW "LONGIDENTIFIERSAAAAABBBBBBBBBBCCCCCCCCCCDDDDDDDDDDEEEEEEEEEEFFFFFFFFFFGGGGGGGGGGHHHHHHHHHHIIIIIIIIISpliceJJJJJJJJJKKKKKKKKKKAAAAAAAA" CASCADE;
   DROP VIEW "LONGIDENTIFIERSAAAAABBBBBBBBBBCCCCCCCCCCDDDDDDDDDDEEEEEEEEEEFFFFFFFFFFGGGGGGGGGGHHHHHHHHHHIIIIIIIIISpliceJJJJJJJJJKKKKKKKKKKAAAAAAAA" ;
0 rows inserted/updated/deleted
splice> -- PASS:7031 If view dropped successfully?

   COMMIT WORK;
splice> --O   DROP VIEW "longidentifiersaaaaabbbbbbbbbbccccccccccddddddddddeeeeeeeeeeffffffffffgggggggggghhhhhhhhhhiiiiiiiiisplicejjjjjjjjjkkkkkkkkkkaaaaaaab" CASCADE;
   DROP VIEW "longidentifiersaaaaabbbbbbbbbbccccccccccddddddddddeeeeeeeeeeffffffffffgggggggggghhhhhhhhhhiiiiiiiiisplicejjjjjjjjjkkkkkkkkkkaaaaaaab" ;
0 rows inserted/updated/deleted
splice> -- PASS:7031 If view dropped successfully?

   COMMIT WORK;
splice> --O   DROP VIEW "0""LONGIDENTIFIERSWWWAAAAAAAAAABBBBBBBBBBCCCCCCCCCCDDDDDDDDDDEEEEEEEEEEFFFFFFFFFFGGGGGGGGGGHHHHHHHHHHIIIIIIIIISpliceJJJJJJJJJWWWWWW_1" CASCADE;
   DROP VIEW "0""LONGIDENTIFIERSWWWAAAAAAAAAABBBBBBBBBBCCCCCCCCCCDDDDDDDDDDEEEEEEEEEEFFFFFFFFFFGGGGGGGGGGHHHHHHHHHHIIIIIIIIISpliceJJJJJJJJJWWWWWW_1" ;
0 rows inserted/updated/deleted
splice> -- PASS:7031 If view dropped successfully?

   COMMIT WORK;
splice> --O   DROP VIEW "0""LONGIDENTIFIERSWWWAAAAAAAAAABBBBBBBBBBCCCCCCCCCCDDDDDDDDDDEEEEEEEEEEFFFFFFFFFFGGGGGGGGGGHHHHHHHHHHIIIIIIIIISpliceJJJJJJJJJWWWWWW_2" CASCADE;
   DROP VIEW "0""LONGIDENTIFIERSWWWAAAAAAAAAABBBBBBBBBBCCCCCCCCCCDDDDDDDDDDEEEEEEEEEEFFFFFFFFFFGGGGGGGGGGHHHHHHHHHHIIIIIIIIISpliceJJJJJJJJJWWWWWW_2" ;
0 rows inserted/updated/deleted
splice> -- PASS:7031 If view dropped successfully?

   COMMIT WORK;
splice> --O   DROP VIEW "longIDENTIFIERSWWWWWAAAAAAAAAABBBBBBBBBBCCCCCCCCCCDDDDDDDDDDEEEEEEEEEEFFFFFFFFFFGGGGGGGGGGHHHHHHHHHHIIIIIIIIISpliceJJJJJJJJJWW% .,()" CASCADE;
   DROP VIEW "longIDENTIFIERSWWWWWAAAAAAAAAABBBBBBBBBBCCCCCCCCCCDDDDDDDDDDEEEEEEEEEEFFFFFFFFFFGGGGGGGGGGHHHHHHHHHHIIIIIIIIISpliceJJJJJJJJJWW% .,()" ;
0 rows inserted/updated/deleted
splice> -- PASS:7031 If view dropped successfully?

   COMMIT WORK;
splice> -- End 128 character view names

-- Begin 69 character view names
   CREATE VIEW 
"ZZZZZZZZZZZZZZZZZZZZZZZZZZZZZZZZZZZZZZZZZZZZZZZZZZZZZZZZZZZZZZZZZ""69W"
   (MYCOUNT) AS SELECT COUNT (*) FROM WORKS;
0 rows inserted/updated/deleted
splice> -- PASS:7031 If view created successfully?

   COMMIT WORK;
splice> SELECT * FROM
"ZZZZZZZZZZZZZZZZZZZZZZZZZZZZZZZZZZZZZZZZZZZZZZZZZZZZZZZZZZZZZZZZZ""69W"
   ;
MYCOUNT    
-----------
12         
splice> -- PASS:7031 If MYCOUNT = 12?

   COMMIT WORK;
splice> CREATE VIEW 
"ZZZZZZZZZZZZZZZZZZZZZZZZZZZZZZZZZZZZZZZZZZZZZZZZZZZZZZZZZZZZZZZZZ""69S"
   (MYCOUNT) AS SELECT COUNT (*) FROM STAFF;
0 rows inserted/updated/deleted
splice> -- PASS:7031 If view created successfully?

   COMMIT WORK;
splice> SELECT * FROM
"ZZZZZZZZZZZZZZZZZZZZZZZZZZZZZZZZZZZZZZZZZZZZZZZZZZZZZZZZZZZZZZZZZ""69S"
   ;
MYCOUNT    
-----------
5          
splice> -- PASS:7031 If MYCOUNT = 5? 

   COMMIT WORK;
splice> DROP VIEW
"ZZZZZZZZZZZZZZZZZZZZZZZZZZZZZZZZZZZZZZZZZZZZZZZZZZZZZZZZZZZZZZZZZ""69W"
   ;
0 rows inserted/updated/deleted
splice> -- PASS:7031 If view dropped successfully?

   COMMIT WORK;
splice> DROP VIEW
"ZZZZZZZZZZZZZZZZZZZZZZZZZZZZZZZZZZZZZZZZZZZZZZZZZZZZZZZZZZZZZZZZZ""69S"
   ;
0 rows inserted/updated/deleted
splice> -- PASS:7031 If view dropped successfully?

   COMMIT WORK;
splice> -- End 69 character view names

-- END TEST >>> 7031 <<< END TEST
-- *********************************************
-- *************************************************////END-OF-MODULE
;
splice> 
